d:\project\pokerpoker\pokerpoker\x64\debug\vc143.pdb
d:\project\pokerpoker\pokerpoker\x64\debug\vc143.idb
d:\project\pokerpoker\pokerpoker\x64\debug\input.obj
d:\project\pokerpoker\pokerpoker\x64\debug\console.obj
d:\project\pokerpoker\pokerpoker\x64\debug\menu_scene.obj
d:\project\pokerpoker\pokerpoker\x64\debug\main.obj
d:\project\pokerpoker\pokerpoker\x64\debug\game.obj
d:\project\pokerpoker\pokerpoker\x64\debug\main_system_ui.obj
d:\project\pokerpoker\pokerpoker\x64\debug\betting_system.obj
d:\project\pokerpoker\pokerpoker\x64\debug\table.obj
d:\project\pokerpoker\pokerpoker\x64\debug\player.obj
d:\project\pokerpoker\pokerpoker\x64\debug\game_flow.obj
d:\project\pokerpoker\pokerpoker\x64\debug\dealer.obj
d:\project\pokerpoker\pokerpoker\x64\debug\deck.obj
d:\project\pokerpoker\pokerpoker\x64\debug\hand_evaluator.obj
d:\project\pokerpoker\pokerpoker\x64\debug\ai.obj
d:\project\pokerpoker\pokerpoker\x64\debug\card_string.obj
d:\project\pokerpoker\pokerpoker\x64\debug\card_printer.obj
d:\project\pokerpoker\pokerpoker\x64\debug\turn_system.obj
d:\project\pokerpoker\pokerpoker\x64\debug\win_rate_calculator.obj
d:\project\pokerpoker\pokerpoker\x64\debug\ai_update.obj
d:\project\pokerpoker\pokerpoker\x64\debug\screen_buffer.obj
d:\project\pokerpoker\pokerpoker\x64\debug\card_renderer.obj
d:\project\pokerpoker\pokerpoker\x64\debug\table_renderer.obj
d:\project\pokerpoker\pokerpoker\x64\debug\renderer.obj
d:\project\pokerpoker\pokerpoker\x64\debug\shop.obj
d:\project\pokerpoker\pokerpoker\x64\debug\game_log.obj
d:\project\pokerpoker\pokerpoker\x64\debug\log_renderer.obj
d:\project\pokerpoker\x64\debug\pokerpoker.exe
d:\project\pokerpoker\x64\debug\pokerpoker.pdb
d:\project\pokerpoker\pokerpoker\x64\debug\pokerpoker.ilk
d:\project\pokerpoker\pokerpoker\x64\debug\card.obj
d:\project\pokerpoker\pokerpoker\x64\debug\poker_action.obj
d:\project\pokerpoker\pokerpoker\x64\debug\pokerpoker.tlog\cl.command.1.tlog
d:\project\pokerpoker\pokerpoker\x64\debug\pokerpoker.tlog\cl.items.tlog
d:\project\pokerpoker\pokerpoker\x64\debug\pokerpoker.tlog\cl.read.1.tlog
d:\project\pokerpoker\pokerpoker\x64\debug\pokerpoker.tlog\cl.write.1.tlog
d:\project\pokerpoker\pokerpoker\x64\debug\pokerpoker.tlog\link.command.1.tlog
d:\project\pokerpoker\pokerpoker\x64\debug\pokerpoker.tlog\link.read.1.tlog
d:\project\pokerpoker\pokerpoker\x64\debug\pokerpoker.tlog\link.secondary.1.tlog
d:\project\pokerpoker\pokerpoker\x64\debug\pokerpoker.tlog\link.write.1.tlog
